// Jest Snapshot v1, https://goo.gl/fbAQLP

exports[`ArticleList component renders ArticleList 1`] = `
<DocumentFragment>
  <li>
    <h1 />
    <img />
    <h2 />
    <p />
    <h2 />
    <h3 />
    <a>
      To Article
    </a>
  </li>
</DocumentFragment>
`;
